****                   ADMIXTURE Version 1.3.0                  ****
****                    Copyright 2008-2015                     ****
****           David Alexander, Suyash Shringarpure,            ****
****                John  Novembre, Ken Lange                   ****
****                                                            ****
****                 Please cite our paper!                     ****
****   Information at www.genetics.ucla.edu/software/admixture  ****

Cross-validation will be performed.  Folds=5.
Parallel execution requested.  Will use 13 threads.
Random seed: 43
Point estimation method: Block relaxation algorithm
Convergence acceleration algorithm: QuasiNewton, 3 secant conditions
Point estimation will terminate when objective function delta < 0.0001
Estimation of standard errors disabled; will compute point estimates only.
Size of G: 894x80640
Performing five EM steps to prime main algorithm
1 (EM) 	Elapsed: 11.105	Loglikelihood: -7.85389e+07	(delta): 4.50942e+07
2 (EM) 	Elapsed: 11.544	Loglikelihood: -7.65228e+07	(delta): 2.01607e+06
3 (EM) 	Elapsed: 11.208	Loglikelihood: -7.5911e+07	(delta): 611834
4 (EM) 	Elapsed: 11	Loglikelihood: -7.56151e+07	(delta): 295943
5 (EM) 	Elapsed: 11.726	Loglikelihood: -7.54639e+07	(delta): 151213
Initial loglikelihood: -7.54639e+07
Starting main algorithm
1 (QN/Block) 	Elapsed: 21.557	Loglikelihood: -7.42399e+07	(delta): 1.22392e+06
2 (QN/Block) 	Elapsed: 21.681	Loglikelihood: -7.40997e+07	(delta): 140274
3 (QN/Block) 	Elapsed: 22.879	Loglikelihood: -7.40446e+07	(delta): 55105.5
4 (QN/Block) 	Elapsed: 23.946	Loglikelihood: -7.40211e+07	(delta): 23443.4
5 (QN/Block) 	Elapsed: 23.967	Loglikelihood: -7.40193e+07	(delta): 1848.28
6 (QN/Block) 	Elapsed: 21.928	Loglikelihood: -7.40187e+07	(delta): 585.853
7 (QN/Block) 	Elapsed: 23.553	Loglikelihood: -7.40186e+07	(delta): 84.8632
8 (QN/Block) 	Elapsed: 21.995	Loglikelihood: -7.40186e+07	(delta): 1.19817
9 (QN/Block) 	Elapsed: 22.956	Loglikelihood: -7.40186e+07	(delta): 0.134088
10 (QN/Block) 	Elapsed: 22.914	Loglikelihood: -7.40186e+07	(delta): 0.422623
11 (QN/Block) 	Elapsed: 22.831	Loglikelihood: -7.40186e+07	(delta): 1.73826
12 (QN/Block) 	Elapsed: 24.433	Loglikelihood: -7.40186e+07	(delta): 0.175167
13 (QN/Block) 	Elapsed: 24.503	Loglikelihood: -7.40186e+07	(delta): 0.0606766
14 (QN/Block) 	Elapsed: 24.537	Loglikelihood: -7.40186e+07	(delta): 0.0445847
15 (QN/Block) 	Elapsed: 24.43	Loglikelihood: -7.40186e+07	(delta): 0.0385483
16 (QN/Block) 	Elapsed: 24.389	Loglikelihood: -7.40186e+07	(delta): 0.0360638
17 (QN/Block) 	Elapsed: 24.509	Loglikelihood: -7.40186e+07	(delta): 0.0349928
18 (QN/Block) 	Elapsed: 24.433	Loglikelihood: -7.40186e+07	(delta): 0.0344882
19 (QN/Block) 	Elapsed: 24.523	Loglikelihood: -7.40186e+07	(delta): 0.03421
20 (QN/Block) 	Elapsed: 24.501	Loglikelihood: -7.40186e+07	(delta): 0.0340226
21 (QN/Block) 	Elapsed: 24.5	Loglikelihood: -7.40186e+07	(delta): 0.329113
22 (QN/Block) 	Elapsed: 22.505	Loglikelihood: -7.40186e+07	(delta): 3.19804
23 (QN/Block) 	Elapsed: 24.486	Loglikelihood: -7.40186e+07	(delta): 1.0649
24 (QN/Block) 	Elapsed: 22.928	Loglikelihood: -7.40186e+07	(delta): 0.160301
25 (QN/Block) 	Elapsed: 22.784	Loglikelihood: -7.40186e+07	(delta): 0.417302
26 (QN/Block) 	Elapsed: 24.445	Loglikelihood: -7.40186e+07	(delta): 0.0150141
27 (QN/Block) 	Elapsed: 21.947	Loglikelihood: -7.40186e+07	(delta): 0.0288805
28 (QN/Block) 	Elapsed: 21.946	Loglikelihood: -7.40186e+07	(delta): 0.107808
29 (QN/Block) 	Elapsed: 23.544	Loglikelihood: -7.40186e+07	(delta): 0.0149044
30 (QN/Block) 	Elapsed: 22.898	Loglikelihood: -7.40186e+07	(delta): 0.0611439
31 (QN/Block) 	Elapsed: 22.821	Loglikelihood: -7.40186e+07	(delta): 0.00454545
32 (QN/Block) 	Elapsed: 22.903	Loglikelihood: -7.40186e+07	(delta): 0.000216946
33 (QN/Block) 	Elapsed: 21.991	Loglikelihood: -7.40186e+07	(delta): 1.51694e-05
Summary: 
Converged in 33 iterations (848.939 sec)
Loglikelihood: -74018584.522252
Fst divergences between estimated populations: 
	Pop0	
Pop0	
Pop1	0.078	
CV error (K=2): 0.55727
Writing output files.
