****                   ADMIXTURE Version 1.3.0                  ****
****                    Copyright 2008-2015                     ****
****           David Alexander, Suyash Shringarpure,            ****
****                John  Novembre, Ken Lange                   ****
****                                                            ****
****                 Please cite our paper!                     ****
****   Information at www.genetics.ucla.edu/software/admixture  ****

Cross-validation will be performed.  Folds=5.
Parallel execution requested.  Will use 13 threads.
Random seed: 43
Point estimation method: Block relaxation algorithm
Convergence acceleration algorithm: QuasiNewton, 3 secant conditions
Point estimation will terminate when objective function delta < 0.0001
Estimation of standard errors disabled; will compute point estimates only.
Size of G: 894x80640
Performing five EM steps to prime main algorithm
1 (EM) 	Elapsed: 28.675	Loglikelihood: -7.89916e+07	(delta): 3.06495e+07
2 (EM) 	Elapsed: 28.616	Loglikelihood: -7.71058e+07	(delta): 1.88584e+06
3 (EM) 	Elapsed: 28.961	Loglikelihood: -7.65775e+07	(delta): 528314
4 (EM) 	Elapsed: 28.552	Loglikelihood: -7.62592e+07	(delta): 318272
5 (EM) 	Elapsed: 28.857	Loglikelihood: -7.60319e+07	(delta): 227279
Initial loglikelihood: -7.60319e+07
Starting main algorithm
1 (QN/Block) 	Elapsed: 21.847	Loglikelihood: -7.393e+07	(delta): 2.10191e+06
2 (QN/Block) 	Elapsed: 21.835	Loglikelihood: -7.36453e+07	(delta): 284751
3 (QN/Block) 	Elapsed: 24.184	Loglikelihood: -7.35701e+07	(delta): 75214.4
4 (QN/Block) 	Elapsed: 24.118	Loglikelihood: -7.35428e+07	(delta): 27275.1
5 (QN/Block) 	Elapsed: 26.126	Loglikelihood: -7.35174e+07	(delta): 25410.7
6 (QN/Block) 	Elapsed: 26.181	Loglikelihood: -7.35098e+07	(delta): 7562.1
7 (QN/Block) 	Elapsed: 25.087	Loglikelihood: -7.35014e+07	(delta): 8414.1
8 (QN/Block) 	Elapsed: 25.09	Loglikelihood: -7.34964e+07	(delta): 4944.84
9 (QN/Block) 	Elapsed: 24.004	Loglikelihood: -7.34917e+07	(delta): 4781.32
10 (QN/Block) 	Elapsed: 23.908	Loglikelihood: -7.34888e+07	(delta): 2864.68
11 (QN/Block) 	Elapsed: 23.996	Loglikelihood: -7.3485e+07	(delta): 3751.96
12 (QN/Block) 	Elapsed: 25.08	Loglikelihood: -7.34836e+07	(delta): 1478.89
13 (QN/Block) 	Elapsed: 24.008	Loglikelihood: -7.34812e+07	(delta): 2339.57
14 (QN/Block) 	Elapsed: 24.027	Loglikelihood: -7.34794e+07	(delta): 1844.51
15 (QN/Block) 	Elapsed: 24.013	Loglikelihood: -7.34782e+07	(delta): 1171.79
16 (QN/Block) 	Elapsed: 24.054	Loglikelihood: -7.34776e+07	(delta): 587.206
17 (QN/Block) 	Elapsed: 24.101	Loglikelihood: -7.34755e+07	(delta): 2109.3
18 (QN/Block) 	Elapsed: 25.168	Loglikelihood: -7.3475e+07	(delta): 547.201
19 (QN/Block) 	Elapsed: 24.09	Loglikelihood: -7.34746e+07	(delta): 382.561
20 (QN/Block) 	Elapsed: 24.089	Loglikelihood: -7.34742e+07	(delta): 402.805
21 (QN/Block) 	Elapsed: 24.122	Loglikelihood: -7.3474e+07	(delta): 208.827
22 (QN/Block) 	Elapsed: 24.067	Loglikelihood: -7.34735e+07	(delta): 475.118
23 (QN/Block) 	Elapsed: 24.045	Loglikelihood: -7.34733e+07	(delta): 202.294
24 (QN/Block) 	Elapsed: 24.034	Loglikelihood: -7.34731e+07	(delta): 203.865
25 (QN/Block) 	Elapsed: 24.039	Loglikelihood: -7.3473e+07	(delta): 60.1108
26 (QN/Block) 	Elapsed: 24.042	Loglikelihood: -7.34729e+07	(delta): 172.241
27 (QN/Block) 	Elapsed: 24.11	Loglikelihood: -7.34727e+07	(delta): 123.339
28 (QN/Block) 	Elapsed: 26.136	Loglikelihood: -7.34727e+07	(delta): 45.4145
29 (QN/Block) 	Elapsed: 24.032	Loglikelihood: -7.34726e+07	(delta): 66.9287
30 (QN/Block) 	Elapsed: 24.074	Loglikelihood: -7.34726e+07	(delta): 22.7007
31 (QN/Block) 	Elapsed: 24.053	Loglikelihood: -7.34726e+07	(delta): 17.1263
32 (QN/Block) 	Elapsed: 24.064	Loglikelihood: -7.34726e+07	(delta): 15.9763
33 (QN/Block) 	Elapsed: 24.045	Loglikelihood: -7.34725e+07	(delta): 19.2888
34 (QN/Block) 	Elapsed: 24.053	Loglikelihood: -7.34725e+07	(delta): 48.9651
35 (QN/Block) 	Elapsed: 24.091	Loglikelihood: -7.34725e+07	(delta): 11.2634
36 (QN/Block) 	Elapsed: 24.072	Loglikelihood: -7.34725e+07	(delta): 23.69
37 (QN/Block) 	Elapsed: 24.059	Loglikelihood: -7.34725e+07	(delta): 5.58369
38 (QN/Block) 	Elapsed: 24.095	Loglikelihood: -7.34724e+07	(delta): 17.9836
39 (QN/Block) 	Elapsed: 24.05	Loglikelihood: -7.34724e+07	(delta): 2.79292
40 (QN/Block) 	Elapsed: 24.099	Loglikelihood: -7.34724e+07	(delta): 7.08118
41 (QN/Block) 	Elapsed: 24.043	Loglikelihood: -7.34724e+07	(delta): 1.22818
42 (QN/Block) 	Elapsed: 24.076	Loglikelihood: -7.34724e+07	(delta): 4.124
43 (QN/Block) 	Elapsed: 24.069	Loglikelihood: -7.34724e+07	(delta): 0.876623
44 (QN/Block) 	Elapsed: 24.07	Loglikelihood: -7.34724e+07	(delta): 2.66692
45 (QN/Block) 	Elapsed: 24.102	Loglikelihood: -7.34724e+07	(delta): 0.347071
46 (QN/Block) 	Elapsed: 24.115	Loglikelihood: -7.34724e+07	(delta): 0.345091
47 (QN/Block) 	Elapsed: 24.087	Loglikelihood: -7.34724e+07	(delta): 0.16914
48 (QN/Block) 	Elapsed: 24.078	Loglikelihood: -7.34724e+07	(delta): 0.307767
49 (QN/Block) 	Elapsed: 24.035	Loglikelihood: -7.34724e+07	(delta): 0.134926
50 (QN/Block) 	Elapsed: 24.084	Loglikelihood: -7.34724e+07	(delta): 0.144141
51 (QN/Block) 	Elapsed: 24.111	Loglikelihood: -7.34724e+07	(delta): 0.029484
52 (QN/Block) 	Elapsed: 24.078	Loglikelihood: -7.34724e+07	(delta): 0.147443
53 (QN/Block) 	Elapsed: 24.093	Loglikelihood: -7.34724e+07	(delta): 0.0303479
54 (QN/Block) 	Elapsed: 24.111	Loglikelihood: -7.34724e+07	(delta): 0.0149622
55 (QN/Block) 	Elapsed: 24.114	Loglikelihood: -7.34724e+07	(delta): 0.00314797
56 (QN/Block) 	Elapsed: 24.109	Loglikelihood: -7.34724e+07	(delta): 0.00124957
57 (QN/Block) 	Elapsed: 24.069	Loglikelihood: -7.34724e+07	(delta): 0.000474095
58 (QN/Block) 	Elapsed: 24.102	Loglikelihood: -7.34724e+07	(delta): 0.000621885
59 (QN/Block) 	Elapsed: 24.035	Loglikelihood: -7.34724e+07	(delta): 0.000449866
60 (QN/Block) 	Elapsed: 24.059	Loglikelihood: -7.34724e+07	(delta): 0.00056468
61 (QN/Block) 	Elapsed: 24.094	Loglikelihood: -7.34724e+07	(delta): 0.000224546
62 (QN/Block) 	Elapsed: 23.955	Loglikelihood: -7.34724e+07	(delta): 8.28058e-05
Summary: 
Converged in 62 iterations (1715.4 sec)
Loglikelihood: -73472421.428250
Fst divergences between estimated populations: 
	Pop0	Pop1	Pop2	Pop3	
Pop0	
Pop1	0.070	
Pop2	0.092	0.058	
Pop3	0.027	0.069	0.093	
Pop4	0.094	0.055	0.063	0.090	
CV error (K=5): 0.55424
Writing output files.
