****                   ADMIXTURE Version 1.3.0                  ****
****                    Copyright 2008-2015                     ****
****           David Alexander, Suyash Shringarpure,            ****
****                John  Novembre, Ken Lange                   ****
****                                                            ****
****                 Please cite our paper!                     ****
****   Information at www.genetics.ucla.edu/software/admixture  ****

Cross-validation will be performed.  Folds=5.
Parallel execution requested.  Will use 13 threads.
Random seed: 43
Point estimation method: Block relaxation algorithm
Convergence acceleration algorithm: QuasiNewton, 3 secant conditions
Point estimation will terminate when objective function delta < 0.0001
Estimation of standard errors disabled; will compute point estimates only.
Size of G: 894x80640
Performing five EM steps to prime main algorithm
1 (EM) 	Elapsed: 18.701	Loglikelihood: -7.90974e+07	(delta): 3.72441e+07
2 (EM) 	Elapsed: 19.008	Loglikelihood: -7.70452e+07	(delta): 2.05219e+06
3 (EM) 	Elapsed: 19.287	Loglikelihood: -7.63831e+07	(delta): 662088
4 (EM) 	Elapsed: 18.729	Loglikelihood: -7.60065e+07	(delta): 376596
5 (EM) 	Elapsed: 19.192	Loglikelihood: -7.57656e+07	(delta): 240895
Initial loglikelihood: -7.57656e+07
Starting main algorithm
1 (QN/Block) 	Elapsed: 21.468	Loglikelihood: -7.47647e+07	(delta): 1.00094e+06
2 (QN/Block) 	Elapsed: 21.433	Loglikelihood: -7.39735e+07	(delta): 791156
3 (QN/Block) 	Elapsed: 22.916	Loglikelihood: -7.38476e+07	(delta): 125952
4 (QN/Block) 	Elapsed: 23.575	Loglikelihood: -7.37686e+07	(delta): 78924.4
5 (QN/Block) 	Elapsed: 23.704	Loglikelihood: -7.37576e+07	(delta): 11035.1
6 (QN/Block) 	Elapsed: 21.792	Loglikelihood: -7.37565e+07	(delta): 1107.59
7 (QN/Block) 	Elapsed: 21.816	Loglikelihood: -7.37558e+07	(delta): 665.795
8 (QN/Block) 	Elapsed: 22.284	Loglikelihood: -7.37554e+07	(delta): 465.363
9 (QN/Block) 	Elapsed: 22.873	Loglikelihood: -7.37551e+07	(delta): 236.204
10 (QN/Block) 	Elapsed: 21.67	Loglikelihood: -7.37549e+07	(delta): 248.861
11 (QN/Block) 	Elapsed: 21.764	Loglikelihood: -7.37547e+07	(delta): 150.659
12 (QN/Block) 	Elapsed: 21.721	Loglikelihood: -7.37547e+07	(delta): 63.5098
13 (QN/Block) 	Elapsed: 23.508	Loglikelihood: -7.37544e+07	(delta): 214.673
14 (QN/Block) 	Elapsed: 22.941	Loglikelihood: -7.37543e+07	(delta): 114.818
15 (QN/Block) 	Elapsed: 22.513	Loglikelihood: -7.37543e+07	(delta): 54.8027
16 (QN/Block) 	Elapsed: 23.674	Loglikelihood: -7.37543e+07	(delta): 9.96048
17 (QN/Block) 	Elapsed: 21.672	Loglikelihood: -7.37543e+07	(delta): 9.56636
18 (QN/Block) 	Elapsed: 21.828	Loglikelihood: -7.37543e+07	(delta): 3.26395
19 (QN/Block) 	Elapsed: 22.289	Loglikelihood: -7.37542e+07	(delta): 2.92306
20 (QN/Block) 	Elapsed: 22.871	Loglikelihood: -7.37542e+07	(delta): 1.25901
21 (QN/Block) 	Elapsed: 22.808	Loglikelihood: -7.37542e+07	(delta): 0.967701
22 (QN/Block) 	Elapsed: 22.814	Loglikelihood: -7.37542e+07	(delta): 0.34023
23 (QN/Block) 	Elapsed: 21.722	Loglikelihood: -7.37542e+07	(delta): 0.295848
24 (QN/Block) 	Elapsed: 22.825	Loglikelihood: -7.37542e+07	(delta): 0.233806
25 (QN/Block) 	Elapsed: 21.718	Loglikelihood: -7.37542e+07	(delta): 0.0588649
26 (QN/Block) 	Elapsed: 22.876	Loglikelihood: -7.37542e+07	(delta): 0.0174249
27 (QN/Block) 	Elapsed: 22.811	Loglikelihood: -7.37542e+07	(delta): 0.00627033
28 (QN/Block) 	Elapsed: 22.787	Loglikelihood: -7.37542e+07	(delta): 0.00555454
29 (QN/Block) 	Elapsed: 22.872	Loglikelihood: -7.37542e+07	(delta): 0.00264883
30 (QN/Block) 	Elapsed: 22.823	Loglikelihood: -7.37542e+07	(delta): 0.000839204
31 (QN/Block) 	Elapsed: 22.84	Loglikelihood: -7.37542e+07	(delta): 9.91672e-05
Summary: 
Converged in 31 iterations (817.92 sec)
Loglikelihood: -73754245.837988
Fst divergences between estimated populations: 
	Pop0	Pop1	
Pop0	
Pop1	0.060	
Pop2	0.099	0.089	
CV error (K=3): 0.55486
Writing output files.
